[themeforest.net/item/shoelace-modern-responsive-landing-page/full_screen_preview/5740910.html]
[backblue.gif]
[fade.gif]
[index.html]
[2.envato-static.com/assets/full_screen_preview/full_screen_preview-2dff58760ddd3fb5acb3540e65f6ef43.css]
[themeforest.net/icons/themeforest.net/apple-touch-icon-144x144-precomposed.png]
[themeforest.net/icons/themeforest.net/apple-touch-icon-114x114-precomposed.png]
[themeforest.net/icons/themeforest.net/apple-touch-icon-72x72-precomposed.png]
[themeforest.net/icons/themeforest.net/apple-touch-icon-precomposed.png]
[ajax.googleapis.com/ajax/libs/jquery/1.9.1/jquery.min.js]
[www.googleadservices.com/pagead/conversion.js]
[2.envato-static.com/assets/full_screen_preview/full_screen_preview-ea22947149f7312471fb7181751916bd.js]
[2.envato-static.com/assets/shared/webtrends-5a2a0b3d9f0eeafea3f60e4831cf4958.js]
[statse.webtrendslive.com/dcsbkb9azvz5bdcyrezh0wose_5r8l/njs369a.gif]
[themeforest.net/item/shoelace-modern-responsive-landing-page/full_screen_preview/5740910.html]
[2.envato-static.com/assets/fullscreen_preview/3docean-purchasethis-038eab829edfb0f37282f2bd74280aef.png]
[2.envato-static.com/assets/full_screen_preview/full_screen_preview-2dff58760ddd3fb5acb3540e65f6ef43.css]
[3.envato-static.com/assets/jquery-74706bae09255db777f0225ef9b18892.js]
