[themeforest.unitedthemes.com/index8520.html]
[backblue.gif]
[fade.gif]
[index.html]
[themeforest.unitedthemes.com/style.css]
[themeforest.unitedthemes.com/css/font-awesome.css]
[themeforest.unitedthemes.com/images/favicon.ico]
[themeforest.unitedthemes.com/images/ut_logo_white.png]
[themeforest.unitedthemes.com/images/products/delawarewp.jpg]
[themeforest.unitedthemes.com/images/products/nebraskawp.jpg]
[themeforest.unitedthemes.com/images/products/nevadawp.jpg]
[themeforest.unitedthemes.com/js/jquery-1.9.1.min.js]
[themeforest.unitedthemes.com/images/products/arieswp.jpg]
[themeforest.unitedthemes.com/images/products/strangewp.jpg]
[themeforest.unitedthemes.com/images/products/brooklyn.jpg]
[themeforest.unitedthemes.com/images/products/trenton.jpg]
[themeforest.unitedthemes.com/images/products/lansing.jpg]
[themeforest.unitedthemes.com/images/products/biscayne.jpg]
[themeforest.unitedthemes.com/index8520.html]
[themeforest.unitedthemes.com/css/font/RobotoCondensed-Light-webfont.eot]
[themeforest.unitedthemes.com/css/font/RobotoCondensed-Light-webfont.ttf]
[themeforest.unitedthemes.com/style.css]
[themeforest.unitedthemes.com/images/bg.jpg]
[themeforest.unitedthemes.com/css/font/fontawesome-webfontd41d.eot]
[themeforest.unitedthemes.com/css/font/fontawesome-webfontf77b.woff]
[themeforest.unitedthemes.com/css/font-awesome.css]
[themeforest.unitedthemes.com/css/font/RobotoCondensed-Light-webfont.svg]
[themeforest.unitedthemes.com/css/font/fontawesome-webfont.svg]
[themeforest.unitedthemes.com/images/products/passionwp.jpg]
[themeforest.unitedthemes.com/images/products/ruskinwp.jpg]
[themeforest.unitedthemes.com/images/products/nevada.jpg]
[themeforest.unitedthemes.com/images/products/passion.jpg]
[themeforest.unitedthemes.com/images/products/strange.jpg]
[themeforest.unitedthemes.com/css/font/RobotoCondensed-Light-webfontd41d.eot]
[themeforest.unitedthemes.com/css/font/RobotoCondensed-Light-webfont.woff]
[themeforest.unitedthemes.com/css/font/fontawesome-webfontf77b.eot]
[themeforest.unitedthemes.com/themes/lansing/rose/index.html]
[themeforest.unitedthemes.com/themes/lansing/rose/css/reset.css]
[themeforest.unitedthemes.com/themes/lansing/rose/css/ut-fontface.css]
[themeforest.unitedthemes.com/themes/lansing/rose/css/font-awesome.css]
[themeforest.unitedthemes.com/themes/lansing/rose/css/flexslider.css]
[themeforest.unitedthemes.com/themes/lansing/rose/css/ut-responsive-grid.css]
[themeforest.unitedthemes.com/themes/lansing/rose/css/style.css]
[themeforest.unitedthemes.com/themes/lansing/rose/images/favicon.ico]
[themeforest.unitedthemes.com/themes/lansing/rose/images/apple-touch-icon.png]
[themeforest.unitedthemes.com/themes/lansing/rose/images/apple-touch-icon-72x72.png]
[themeforest.unitedthemes.com/themes/lansing/rose/images/apple-touch-icon-114x114.png]
[themeforest.unitedthemes.com/themes/lansing/styleswitcher/css/styleswitcher.css]
[themeforest.unitedthemes.com/themes/lansing/rose/js/modernizr.js]
[themeforest.unitedthemes.com/themes/lansing/rose/js/respond.src.js]
[themeforest.unitedthemes.com/themes/lansing/rose/js/jquery.min.js]
[themeforest.unitedthemes.com/themes/lansing/styleswitcher/js/styleswitcher.js]
[themeforest.unitedthemes.com/themes/lansing/rose/images/slide-1.jpg]
[themeforest.unitedthemes.com/themes/lansing/rose/images/slide-2.jpg]
[themeforest.unitedthemes.com/themes/lansing/rose/images/slide-3.jpg]
[themeforest.unitedthemes.com/themes/lansing/rose/images/newsletter-bg.jpg]
[themeforest.unitedthemes.com/themes/lansing/rose/js/jquery.parallax.min.js]
[themeforest.unitedthemes.com/themes/lansing/rose/js/froogaloop.js]
[themeforest.unitedthemes.com/themes/lansing/rose/js/jquery.flexslider-min.js]
[themeforest.unitedthemes.com/themes/lansing/rose/index.html]
[themeforest.unitedthemes.com/themes/lansing/rose/js/cbpScroller.js]
[themeforest.unitedthemes.com/images/products/melrosewp.jpg]
[themeforest.unitedthemes.com/images/products/arcadiawp.jpg]
[themeforest.unitedthemes.com/images/products/gogreenwp.jpg]
[themeforest.unitedthemes.com/images/products/biscayne.jpg]
[themeforest.unitedthemes.com/images/products/gogreen.jpg]
[themeforest.unitedthemes.com/css/font/fontawesome-webfontf77b.ttf]
[themeforest.unitedthemes.com/themes/lansing/rose/css/reset.css]
[themeforest.unitedthemes.com/themes/lansing/rose/css/fonts/Roboto-Regular-webfontd41d.eot]
[themeforest.unitedthemes.com/themes/lansing/rose/css/fonts/Roboto-Regular-webfont.woff]
[themeforest.unitedthemes.com/themes/lansing/rose/css/fonts/Roboto-Regular-webfont.ttf]
[themeforest.unitedthemes.com/themes/lansing/rose/css/fonts/Roboto-Thin-webfont.eot]
[themeforest.unitedthemes.com/themes/lansing/rose/css/fonts/Roboto-Thin-webfont.woff]
[themeforest.unitedthemes.com/themes/lansing/rose/css/fonts/Roboto-Thin-webfont.ttf]
[themeforest.unitedthemes.com/themes/lansing/rose/css/fonts/Roboto-Light-webfont.eot]
[themeforest.unitedthemes.com/themes/lansing/rose/css/fonts/Roboto-Light-webfont.ttf]
[themeforest.unitedthemes.com/themes/lansing/rose/css/ut-fontface.css]
[themeforest.unitedthemes.com/themes/lansing/rose/css/fonts/fontawesome-webfontf77b.eot]
[themeforest.unitedthemes.com/themes/lansing/rose/css/fonts/fontawesome-webfontf77b.ttf]
[themeforest.unitedthemes.com/themes/lansing/rose/css/font-awesome.css]
[themeforest.unitedthemes.com/themes/lansing/rose/css/fonts/flexslider-icon.eot]
[themeforest.unitedthemes.com/themes/lansing/rose/images/arrow-left.png]
[themeforest.unitedthemes.com/themes/lansing/rose/images/arrow-right.png]
[themeforest.unitedthemes.com/themes/lansing/rose/css/flexslider.css]
[themeforest.unitedthemes.com/themes/lansing/rose/css/ut-responsive-grid.css]
[themeforest.unitedthemes.com/themes/lansing/rose/images/product-bg.jpg]
[themeforest.unitedthemes.com/themes/lansing/rose/css/style.css]
[themeforest.unitedthemes.com/themes/lansing/styleswitcher/img/settings.png]
[themeforest.unitedthemes.com/themes/lansing/styleswitcher/css/styleswitcher.css]
[themeforest.unitedthemes.com/themes/lansing/blue/index.html]
[themeforest.unitedthemes.com/themes/lansing/blue/css/reset.css]
[themeforest.unitedthemes.com/themes/lansing/blue/css/ut-fontface.css]
[themeforest.unitedthemes.com/themes/lansing/blue/css/font-awesome.css]
[themeforest.unitedthemes.com/themes/lansing/blue/css/flexslider.css]
[themeforest.unitedthemes.com/themes/lansing/blue/css/ut-responsive-grid.css]
[themeforest.unitedthemes.com/themes/lansing/blue/css/style.css]
[themeforest.unitedthemes.com/themes/lansing/blue/images/favicon.ico]
[themeforest.unitedthemes.com/themes/lansing/blue/images/apple-touch-icon-72x72.png]
[themeforest.unitedthemes.com/themes/lansing/blue/js/modernizr.js]
[themeforest.unitedthemes.com/themes/lansing/blue/js/respond.src.js]
[themeforest.unitedthemes.com/themes/lansing/blue/index.htm]
[themeforest.unitedthemes.com/themes/lansing/blue/images/product-image-left.png]
[themeforest.unitedthemes.com/themes/lansing/blue/images/slide-1.jpg]
[themeforest.unitedthemes.com/themes/lansing/blue/images/slide-3.jpg]
[themeforest.unitedthemes.com/themes/lansing/blue/js/jquery.min.js]
[themeforest.unitedthemes.com/themes/lansing/blue/images/newsletter-bg.jpg]
[themeforest.unitedthemes.com/themes/lansing/blue/js/jquery.fitvids.js]
[themeforest.unitedthemes.com/themes/lansing/blue/js/jquery.scrollTo.min.js]
[themeforest.unitedthemes.com/themes/lansing/blue/js/jquery.flexslider-min.js]
[themeforest.unitedthemes.com/themes/lansing/blue/js/classie.js]
[themeforest.unitedthemes.com/themes/lansing/blue/index.html]
[themeforest.unitedthemes.com/themes/lansing/blue/js/cbpScroller.js]
[themeforest.unitedthemes.com/themes/lansing/green/index.html]
[themeforest.unitedthemes.com/themes/lansing/green/css/reset.css]
[themeforest.unitedthemes.com/themes/lansing/green/css/ut-fontface.css]
[themeforest.unitedthemes.com/themes/lansing/green/css/font-awesome.css]
[themeforest.unitedthemes.com/themes/lansing/green/css/flexslider.css]
[themeforest.unitedthemes.com/themes/lansing/green/css/ut-responsive-grid.css]
[themeforest.unitedthemes.com/themes/lansing/green/images/favicon.ico]
[themeforest.unitedthemes.com/themes/lansing/green/images/apple-touch-icon-72x72.png]
[themeforest.unitedthemes.com/themes/lansing/green/images/apple-touch-icon-114x114.png]
[themeforest.unitedthemes.com/themes/lansing/green/js/modernizr.js]
[themeforest.unitedthemes.com/themes/lansing/green/js/respond.src.js]
[themeforest.unitedthemes.com/themes/lansing/green/images/product-image-right.png]
[themeforest.unitedthemes.com/themes/lansing/green/js/jquery.min.js]
[themeforest.unitedthemes.com/themes/lansing/green/images/slide-1.jpg]
[themeforest.unitedthemes.com/themes/lansing/green/images/slide-3.jpg]
[themeforest.unitedthemes.com/themes/lansing/green/js/jquery.parallax.min.js]
[themeforest.unitedthemes.com/themes/lansing/green/js/froogaloop.js]
[themeforest.unitedthemes.com/themes/lansing/green/js/jquery.fitvids.js]
[themeforest.unitedthemes.com/themes/lansing/green/js/jquery.scrollTo.min.js]
[themeforest.unitedthemes.com/themes/lansing/green/js/jquery.flexslider-min.js]
[themeforest.unitedthemes.com/themes/lansing/green/js/classie.js]
[themeforest.unitedthemes.com/themes/lansing/green/index.html]
[themeforest.unitedthemes.com/themes/lansing/green/js/cbpScroller.js]
[themeforest.unitedthemes.com/themes/lansing/rose/css/fonts/Roboto-Regular-webfont.svg]
[themeforest.unitedthemes.com/themes/lansing/rose/css/fonts/Roboto-Thin-webfont.svg]
[themeforest.unitedthemes.com/themes/lansing/rose/css/fonts/Roboto-Light-webfontd41d.eot]
[themeforest.unitedthemes.com/themes/lansing/rose/css/fonts/Roboto-Light-webfont.svg]
[themeforest.unitedthemes.com/themes/lansing/rose/css/fonts/fontawesome-webfont.svg]
[themeforest.unitedthemes.com/themes/lansing/rose/css/fonts/flexslider-icon.svg]
[themeforest.unitedthemes.com/themes/lansing/blue/css/reset.css]
[themeforest.unitedthemes.com/themes/lansing/blue/css/fonts/Roboto-Regular-webfont.eot]
[themeforest.unitedthemes.com/themes/lansing/blue/css/fonts/Roboto-Regular-webfont.woff]
[themeforest.unitedthemes.com/themes/lansing/blue/css/fonts/Roboto-Regular-webfont.ttf]
[themeforest.unitedthemes.com/themes/lansing/blue/css/fonts/Roboto-Thin-webfont.eot]
[themeforest.unitedthemes.com/themes/lansing/blue/css/fonts/Roboto-Thin-webfont.woff]
[themeforest.unitedthemes.com/themes/lansing/blue/css/fonts/Roboto-Thin-webfont.ttf]
[themeforest.unitedthemes.com/themes/lansing/blue/css/fonts/Roboto-Light-webfont.eot]
[themeforest.unitedthemes.com/themes/lansing/blue/css/fonts/Roboto-Light-webfont.ttf]
[themeforest.unitedthemes.com/themes/lansing/blue/css/ut-fontface.css]
[themeforest.unitedthemes.com/themes/lansing/blue/css/fonts/fontawesome-webfontf77b.eot]
[themeforest.unitedthemes.com/themes/lansing/blue/css/fonts/fontawesome-webfontf77b.ttf]
[themeforest.unitedthemes.com/themes/lansing/blue/css/font-awesome.css]
[themeforest.unitedthemes.com/themes/lansing/blue/css/fonts/flexslider-icon.eot]
[themeforest.unitedthemes.com/themes/lansing/blue/images/arrow-left.ae.delayed]
[themeforest.unitedthemes.com/themes/lansing/blue/images/arrow-right.af.delayed]
[themeforest.unitedthemes.com/themes/lansing/blue/css/flexslider.css]
[themeforest.unitedthemes.com/themes/lansing/blue/css/ut-responsive-grid.css]
[themeforest.unitedthemes.com/themes/lansing/blue/images/product-bg.jpg]
[themeforest.unitedthemes.com/themes/lansing/blue/css/style.css]
[themeforest.unitedthemes.com/themes/lansing/blue/index.htm]
[themeforest.unitedthemes.com/themes/lansing/green/css/reset.css]
[themeforest.unitedthemes.com/themes/lansing/green/css/fonts/Roboto-Regular-webfont.eot]
[themeforest.unitedthemes.com/themes/lansing/green/css/fonts/Roboto-Thin-webfont.eot]
[themeforest.unitedthemes.com/themes/lansing/green/css/fonts/Roboto-Thin-webfont.ttf]
[themeforest.unitedthemes.com/themes/lansing/green/css/fonts/Roboto-Light-webfont.eot]
[themeforest.unitedthemes.com/themes/lansing/green/css/fonts/Roboto-Light-webfont.woff]
[themeforest.unitedthemes.com/themes/lansing/green/css/fonts/Roboto-Light-webfont.ttf]
[themeforest.unitedthemes.com/themes/lansing/green/css/ut-fontface.css]
[themeforest.unitedthemes.com/themes/lansing/green/css/fonts/fontawesome-webfontf77b.eot]
[themeforest.unitedthemes.com/themes/lansing/green/css/fonts/fontawesome-webfontd41d.eot]
[themeforest.unitedthemes.com/themes/lansing/green/css/fonts/fontawesome-webfontf77b.ttf]
[themeforest.unitedthemes.com/themes/lansing/green/css/font-awesome.css]
[themeforest.unitedthemes.com/themes/lansing/green/css/fonts/flexslider-icon.eot]
[themeforest.unitedthemes.com/themes/lansing/green/css/fonts/flexslider-icon.ttf]
[themeforest.unitedthemes.com/themes/lansing/green/images/arrow-left.c7.delayed]
[themeforest.unitedthemes.com/themes/lansing/green/images/arrow-right.c8.delayed]
[themeforest.unitedthemes.com/themes/lansing/green/css/flexslider.css]
[themeforest.unitedthemes.com/themes/lansing/green/css/ut-responsive-grid.css]
[themeforest.unitedthemes.com/themes/lansing/yellow/index.html]
[themeforest.unitedthemes.com/themes/lansing/yellow/css/reset.css]
[themeforest.unitedthemes.com/themes/lansing/yellow/css/ut-fontface.css]
[themeforest.unitedthemes.com/themes/lansing/yellow/css/font-awesome.css]
[themeforest.unitedthemes.com/themes/lansing/yellow/css/flexslider.css]
[themeforest.unitedthemes.com/themes/lansing/yellow/css/ut-responsive-grid.css]
[themeforest.unitedthemes.com/themes/lansing/yellow/css/style.css]
[themeforest.unitedthemes.com/themes/lansing/yellow/images/favicon.ico]
[themeforest.unitedthemes.com/themes/lansing/yellow/images/apple-touch-icon.png]
[themeforest.unitedthemes.com/themes/lansing/yellow/images/apple-touch-icon-72x72.png]
[themeforest.unitedthemes.com/themes/lansing/yellow/images/apple-touch-icon-114x114.png]
[themeforest.unitedthemes.com/themes/lansing/yellow/js/modernizr.js]
[themeforest.unitedthemes.com/themes/lansing/yellow/index.htm]
[themeforest.unitedthemes.com/themes/lansing/yellow/js/respond.src.js]
[themeforest.unitedthemes.com/themes/lansing/yellow/js/jquery.min.js]
[themeforest.unitedthemes.com/themes/lansing/yellow/images/product-image-left.png]
[themeforest.unitedthemes.com/themes/lansing/yellow/images/slide-2.jpg]
[themeforest.unitedthemes.com/themes/lansing/yellow/images/slide-3.jpg]
[themeforest.unitedthemes.com/themes/lansing/yellow/images/slide-4.jpg]
[themeforest.unitedthemes.com/themes/lansing/yellow/js/froogaloop.js]
[themeforest.unitedthemes.com/themes/lansing/yellow/js/jquery.fitvids.js]
[themeforest.unitedthemes.com/themes/lansing/yellow/js/jquery.scrollTo.min.js]
[themeforest.unitedthemes.com/themes/lansing/yellow/js/jquery.flexslider-min.js]
[themeforest.unitedthemes.com/themes/lansing/yellow/index.html]
[themeforest.unitedthemes.com/themes/lansing/rose/images/product-image-left.png]
[themeforest.unitedthemes.com/themes/lansing/rose/images/slide-4.jpg]
[themeforest.unitedthemes.com/themes/lansing/rose/js/jquery.scrollTo.min.js]
[themeforest.unitedthemes.com/themes/lansing/rose/js/classie.js]
[themeforest.unitedthemes.com/themes/lansing/rose/js/jquery.custom.js]
[themeforest.unitedthemes.com/themes/lansing/rose/css/fonts/Roboto-Regular-webfont.eot]
[themeforest.unitedthemes.com/themes/lansing/rose/css/fonts/Roboto-Regular-webfont.woff]
[themeforest.unitedthemes.com/themes/lansing/rose/css/fonts/Roboto-Regular-webfont.ttf]
[themeforest.unitedthemes.com/themes/lansing/rose/css/fonts/Roboto-Thin-webfontd41d.eot]
[themeforest.unitedthemes.com/themes/lansing/rose/css/fonts/Roboto-Thin-webfont.ttf]
[themeforest.unitedthemes.com/themes/lansing/rose/css/fonts/Roboto-Light-webfont.eot]
[themeforest.unitedthemes.com/themes/lansing/rose/css/fonts/Roboto-Light-webfont.woff]
[themeforest.unitedthemes.com/themes/lansing/rose/css/fonts/fontawesome-webfontf77b.woff]
[themeforest.unitedthemes.com/themes/lansing/rose/css/fonts/flexslider-icond41d.eot]
[themeforest.unitedthemes.com/themes/lansing/rose/css/fonts/flexslider-icon.woff]
[themeforest.unitedthemes.com/themes/lansing/rose/css/fonts/flexslider-icon.ttf]
[themeforest.unitedthemes.com/themes/lansing/blue/css/fonts/Roboto-Regular-webfontd41d.eot]
[themeforest.unitedthemes.com/themes/lansing/blue/css/fonts/Roboto-Regular-webfont.svg]
[themeforest.unitedthemes.com/themes/lansing/blue/css/fonts/Roboto-Thin-webfont.svg]
[themeforest.unitedthemes.com/themes/lansing/blue/css/fonts/Roboto-Light-webfont.svg]
[themeforest.unitedthemes.com/themes/lansing/blue/css/fonts/fontawesome-webfont.svg]
[themeforest.unitedthemes.com/themes/lansing/blue/css/fonts/flexslider-icon.svg]
[themeforest.unitedthemes.com/themes/lansing/blue/images/arrow-left.html]
[themeforest.unitedthemes.com/themes/lansing/blue/images/arrow-right.html]
[themeforest.unitedthemes.com/themes/lansing/blue/images/apple-touch-icon-114x114.png]
[themeforest.unitedthemes.com/themes/lansing/blue/images/product-image-right.png]
[themeforest.unitedthemes.com/themes/lansing/blue/images/slide-4.jpg]
[themeforest.unitedthemes.com/themes/lansing/blue/js/froogaloop.js]
[themeforest.unitedthemes.com/themes/lansing/blue/js/jquery.custom.js]
[themeforest.unitedthemes.com/themes/lansing/green/css/fonts/Roboto-Regular-webfontd41d.eot]
[themeforest.unitedthemes.com/themes/lansing/green/css/fonts/Roboto-Thin-webfontd41d.eot]
[themeforest.unitedthemes.com/themes/lansing/green/css/fonts/Roboto-Thin-webfont.svg]
[themeforest.unitedthemes.com/themes/lansing/green/css/fonts/Roboto-Light-webfont.svg]
[themeforest.unitedthemes.com/themes/lansing/green/css/fonts/flexslider-icond41d.eot]
[themeforest.unitedthemes.com/themes/lansing/green/css/fonts/flexslider-icon.svg]
[themeforest.unitedthemes.com/themes/lansing/green/images/arrow-left.html]
[themeforest.unitedthemes.com/themes/lansing/green/images/arrow-right.html]
[themeforest.unitedthemes.com/themes/lansing/green/css/style.css]
[themeforest.unitedthemes.com/themes/lansing/green/images/product-bg.jpg]
[themeforest.unitedthemes.com/themes/lansing/green/css/style.css]
[themeforest.unitedthemes.com/themes/lansing/green/images/apple-touch-icon.png]
[themeforest.unitedthemes.com/themes/lansing/green/index.htm]
[themeforest.unitedthemes.com/themes/lansing/green/index.htm]
[themeforest.unitedthemes.com/themes/lansing/green/images/product-image-left.png]
[themeforest.unitedthemes.com/themes/lansing/green/images/newsletter-bg.jpg]
[themeforest.unitedthemes.com/themes/lansing/yellow/css/reset.css]
[themeforest.unitedthemes.com/themes/lansing/yellow/css/fonts/Roboto-Regular-webfont.eot]
[themeforest.unitedthemes.com/themes/lansing/yellow/css/fonts/Roboto-Regular-webfont.ttf]
[themeforest.unitedthemes.com/themes/lansing/yellow/css/fonts/Roboto-Thin-webfont.eot]
[themeforest.unitedthemes.com/themes/lansing/yellow/css/fonts/Roboto-Thin-webfont.ttf]
[themeforest.unitedthemes.com/themes/lansing/yellow/css/fonts/Roboto-Light-webfont.eot]
[themeforest.unitedthemes.com/themes/lansing/yellow/css/fonts/Roboto-Light-webfont.ttf]
[themeforest.unitedthemes.com/themes/lansing/yellow/css/ut-fontface.css]
[themeforest.unitedthemes.com/themes/lansing/yellow/css/fonts/fontawesome-webfontf77b.eot]
[themeforest.unitedthemes.com/themes/lansing/yellow/css/fonts/fontawesome-webfontf77b.ttf]
[themeforest.unitedthemes.com/themes/lansing/yellow/css/font-awesome.css]
[themeforest.unitedthemes.com/themes/lansing/yellow/css/fonts/flexslider-icon.eot]
[themeforest.unitedthemes.com/themes/lansing/yellow/images/arrow-left.fe.delayed]
[themeforest.unitedthemes.com/themes/lansing/yellow/images/arrow-right.ff.delayed]
[themeforest.unitedthemes.com/themes/lansing/yellow/css/flexslider.css]
[themeforest.unitedthemes.com/themes/lansing/yellow/css/ut-responsive-grid.css]
[themeforest.unitedthemes.com/themes/lansing/yellow/images/product-bg.jpg]
[themeforest.unitedthemes.com/themes/lansing/yellow/css/style.css]
[themeforest.unitedthemes.com/themes/lansing/yellow/index.htm]
[themeforest.unitedthemes.com/themes/lansing/rose/index.htm]
[themeforest.unitedthemes.com/themes/lansing/rose/images/product-image-right.png]
[themeforest.unitedthemes.com/themes/lansing/rose/css/fonts/fontawesome-webfontd41d.eot]
[themeforest.unitedthemes.com/themes/lansing/blue/css/fonts/Roboto-Regular-webfont.eot]
[themeforest.unitedthemes.com/themes/lansing/blue/css/fonts/Roboto-Regular-webfont.ttf]
[themeforest.unitedthemes.com/themes/lansing/blue/css/fonts/Roboto-Thin-webfont.eot]
[themeforest.unitedthemes.com/themes/lansing/blue/css/fonts/Roboto-Thin-webfontd41d.eot]
[themeforest.unitedthemes.com/themes/lansing/blue/css/fonts/Roboto-Thin-webfont.ttf]
[themeforest.unitedthemes.com/themes/lansing/blue/css/fonts/Roboto-Light-webfontd41d.eot]
[themeforest.unitedthemes.com/themes/lansing/blue/css/fonts/Roboto-Light-webfont.woff]
[themeforest.unitedthemes.com/themes/lansing/blue/css/fonts/fontawesome-webfontd41d.eot]
[themeforest.unitedthemes.com/themes/lansing/blue/css/fonts/flexslider-icond41d.eot]
[themeforest.unitedthemes.com/themes/lansing/blue/css/fonts/flexslider-icon.woff]
[themeforest.unitedthemes.com/themes/lansing/blue/css/fonts/flexslider-icon.ttf]
[themeforest.unitedthemes.com/themes/lansing/blue/images/product-bg.jpg]
[themeforest.unitedthemes.com/themes/lansing/blue/images/slide-2.jpg]
[themeforest.unitedthemes.com/themes/lansing/blue/js/jquery.parallax.min.js]
[themeforest.unitedthemes.com/themes/lansing/green/css/fonts/Roboto-Regular-webfont.eot]
[themeforest.unitedthemes.com/themes/lansing/green/css/fonts/Roboto-Regular-webfont.woff]
[themeforest.unitedthemes.com/themes/lansing/green/css/fonts/Roboto-Regular-webfont.ttf]
[themeforest.unitedthemes.com/themes/lansing/green/css/fonts/Roboto-Thin-webfont.eot]
[themeforest.unitedthemes.com/themes/lansing/green/css/fonts/Roboto-Thin-webfont.woff]
[themeforest.unitedthemes.com/themes/lansing/green/css/fonts/Roboto-Light-webfont.eot]
[themeforest.unitedthemes.com/themes/lansing/green/css/fonts/Roboto-Light-webfontd41d.eot]
[themeforest.unitedthemes.com/themes/lansing/green/css/fonts/fontawesome-webfontd41d.eot]
[themeforest.unitedthemes.com/themes/lansing/green/css/fonts/fontawesome-webfontf77b.woff]
[themeforest.unitedthemes.com/themes/lansing/green/css/fonts/fontawesome-webfont.svg]
[themeforest.unitedthemes.com/themes/lansing/green/css/fonts/flexslider-icon.woff]
[themeforest.unitedthemes.com/themes/lansing/green/images/slide-4.jpg]
[themeforest.unitedthemes.com/themes/lansing/yellow/css/fonts/Roboto-Regular-webfontd41d.eot]
[themeforest.unitedthemes.com/themes/lansing/yellow/css/fonts/Roboto-Regular-webfont.svg]
[themeforest.unitedthemes.com/themes/lansing/yellow/css/fonts/Roboto-Thin-webfontd41d.eot]
[themeforest.unitedthemes.com/themes/lansing/yellow/css/fonts/Roboto-Thin-webfont.svg]
[themeforest.unitedthemes.com/themes/lansing/yellow/css/fonts/Roboto-Light-webfont.svg]
[themeforest.unitedthemes.com/themes/lansing/yellow/css/fonts/fontawesome-webfont.svg]
[themeforest.unitedthemes.com/themes/lansing/yellow/css/fonts/flexslider-icon.svg]
[themeforest.unitedthemes.com/themes/lansing/yellow/images/arrow-left.html]
[themeforest.unitedthemes.com/themes/lansing/yellow/images/arrow-right.html]
[themeforest.unitedthemes.com/themes/lansing/yellow/images/product-image-right.png]
[themeforest.unitedthemes.com/themes/lansing/yellow/images/newsletter-bg.jpg]
[themeforest.unitedthemes.com/themes/lansing/yellow/js/classie.js]
[themeforest.unitedthemes.com/themes/lansing/yellow/js/cbpScroller.js]
[themeforest.unitedthemes.com/themes/lansing/yellow/js/jquery.custom.js]
[themeforest.unitedthemes.com/themes/lansing/blue/css/fonts/Roboto-Light-webfont.eot]
[themeforest.unitedthemes.com/themes/lansing/blue/css/fonts/fontawesome-webfontf77b.woff]
[themeforest.unitedthemes.com/themes/lansing/green/css/fonts/Roboto-Thin-webfont.ttf]
[themeforest.unitedthemes.com/themes/lansing/green/css/fonts/fontawesome-webfontf77b.ttf]
[themeforest.unitedthemes.com/themes/lansing/yellow/css/fonts/Roboto-Regular-webfont.eot]
[themeforest.unitedthemes.com/themes/lansing/yellow/css/fonts/Roboto-Regular-webfont.woff]
[themeforest.unitedthemes.com/themes/lansing/yellow/css/fonts/Roboto-Thin-webfont.eot]
[themeforest.unitedthemes.com/themes/lansing/yellow/css/fonts/Roboto-Thin-webfont.woff]
[themeforest.unitedthemes.com/themes/lansing/yellow/css/fonts/Roboto-Thin-webfont.ttf]
[themeforest.unitedthemes.com/themes/lansing/yellow/css/fonts/Roboto-Light-webfontd41d.eot]
[themeforest.unitedthemes.com/themes/lansing/yellow/css/fonts/Roboto-Light-webfont.woff]
[themeforest.unitedthemes.com/themes/lansing/yellow/css/fonts/fontawesome-webfontd41d.eot]
[themeforest.unitedthemes.com/themes/lansing/yellow/css/fonts/flexslider-icond41d.eot]
[themeforest.unitedthemes.com/themes/lansing/yellow/css/fonts/flexslider-icon.woff]
[themeforest.unitedthemes.com/themes/lansing/yellow/css/fonts/flexslider-icon.ttf]
[themeforest.unitedthemes.com/themes/lansing/yellow/images/slide-1.jpg]
[themeforest.unitedthemes.com/themes/lansing/yellow/js/jquery.parallax.min.js]
[themeforest.unitedthemes.com/themes/lansing/yellow/css/fonts/Roboto-Regular-webfont.ttf]
[themeforest.unitedthemes.com/themes/lansing/yellow/css/fonts/fontawesome-webfontf77b.woff]
